// Jest Snapshot v1, https://goo.gl/fbAQLP

exports[`Questions Creator component should render correctly 1`] = `
<div
  className="sc-bdVaJa eVCzwl"
>
  <styled.div>
    <WithStyles
      onClick={[Function]}
    >
      <ShouldUpdate />
    </WithStyles>
    <WithStyles
      onClose={[Function]}
      open={false}
    >
      <WithStyles
        key="0"
        onClick={[Function]}
      />
      <WithStyles
        key="1"
        onClick={[Function]}
      />
      <WithStyles
        key="2"
        onClick={[Function]}
      />
      <WithStyles
        key="3"
        onClick={[Function]}
      />
      <WithStyles
        key="4"
        onClick={[Function]}
      />
      <WithStyles
        key="5"
        onClick={[Function]}
      />
    </WithStyles>
  </styled.div>
  <styled.div
    column={true}
  >
    <Connect(QuestionMenu) />
  </styled.div>
</div>
`;
