// Jest Snapshot v1, https://goo.gl/fbAQLP

exports[`Filtrations component should render correclty 1`] = `
<DNDContext>
  <WithStyles
    item={true}
    lg={4}
    md={4}
    sm={12}
    xl={3}
    xs={12}
  >
    <Connect(SheetMenu)
      hideNewSheet={true}
    />
  </WithStyles>
  <WithStyles
    item={true}
    lg={8}
    md={8}
    sm={12}
    xl={9}
    xs={12}
  >
    <WithStyles
      container={true}
      spacing={0}
    />
  </WithStyles>
</DNDContext>
`;
