// Jest Snapshot v1, https://goo.gl/fbAQLP

exports[`Research editor landing component should render correclty 1`] = `
<DNDContext>
  <WithStyles
    container={true}
    spacing={0}
  >
    <WithStyles
      item={true}
      lg={4}
      md={4}
      sm={12}
      xl={3}
      xs={12}
    >
      <Connect(SheetMenu) />
    </WithStyles>
    <WithStyles
      item={true}
      lg={8}
      md={8}
      sm={12}
      xl={9}
      xs={12}
    >
      <WithStyles
        container={true}
        spacing={0}
      >
        <Connect(QuestionView) />
      </WithStyles>
      <WithStyles
        container={true}
        spacing={0}
      >
        <Connect(SheetView) />
      </WithStyles>
    </WithStyles>
  </WithStyles>
</DNDContext>
`;
