// Jest Snapshot v1, https://goo.gl/fbAQLP

exports[`Q-method navigation component should render correclty 1`] = `
<Paper
  classes={
    Object {
      "root": "jss1",
      "rounded": "jss2",
      "shadow0": "jss3",
      "shadow1": "jss4",
      "shadow10": "jss13",
      "shadow11": "jss14",
      "shadow12": "jss15",
      "shadow13": "jss16",
      "shadow14": "jss17",
      "shadow15": "jss18",
      "shadow16": "jss19",
      "shadow17": "jss20",
      "shadow18": "jss21",
      "shadow19": "jss22",
      "shadow2": "jss5",
      "shadow20": "jss23",
      "shadow21": "jss24",
      "shadow22": "jss25",
      "shadow23": "jss26",
      "shadow24": "jss27",
      "shadow3": "jss6",
      "shadow4": "jss7",
      "shadow5": "jss8",
      "shadow6": "jss9",
      "shadow7": "jss10",
      "shadow8": "jss11",
      "shadow9": "jss12",
    }
  }
  component="div"
  elevation={2}
  square={true}
  style={
    Object {
      "margin": 5,
    }
  }
>
  <styled.div />
</Paper>
`;
