// Jest Snapshot v1, https://goo.gl/fbAQLP

exports[`Pyramid row component should render correclty 1`] = `
<div
  className="sc-bdVaJa fizmbb"
>
  <styled.div
    grow={true}
    horizontalCenter={true}
  >
    <PyramidBlock
      key="0"
    />
    <PyramidBlock
      key="1"
    />
    <PyramidBlock
      key="2"
    />
    <PyramidBlock
      key="3"
    />
    <PyramidBlock
      key="4"
    />
  </styled.div>
  <styled.div>
    <WithStyles
      title="Přidat blok"
    >
      <WithStyles
        id="increase-blocks-1"
        onClick={[Function]}
      >
        <ShouldUpdate />
      </WithStyles>
    </WithStyles>
    <WithStyles
      title="Odebrat blok"
    >
      <div>
        <WithStyles
          disabled={false}
          id="decrease-blocks-1"
          onClick={[Function]}
        >
          <ShouldUpdate />
        </WithStyles>
      </div>
    </WithStyles>
  </styled.div>
</div>
`;
