// Jest Snapshot v1, https://goo.gl/fbAQLP

exports[`Pyramid row handler should render correclty 1`] = `
<div
  className="sc-bdVaJa fizmbb"
>
  <styled.div
    horizontalCenter={true}
  >
    <styled.div>
      <WithStyles
        title="Přidat řádedek"
      >
        <WithStyles
          onClick={[Function]}
        >
          <ShouldUpdate />
        </WithStyles>
      </WithStyles>
      <WithStyles
        title="Odebrat poslední řádek"
      >
        <div>
          <WithStyles
            disabled={false}
            onClick={[Function]}
          >
            <ShouldUpdate />
          </WithStyles>
        </div>
      </WithStyles>
    </styled.div>
  </styled.div>
  <styled.div />
</div>
`;
