// Jest Snapshot v1, https://goo.gl/fbAQLP

exports[`collapsibleSection component should match snapshot 1`] = `
<WithStyles>
  <WithStyles
    expandIcon={<ShouldUpdate />}
  >
    <WithStyles>
      foo
    </WithStyles>
  </WithStyles>
  <WithStyles>
    <div>
      <p>
        Some copomnent body
      </p>
    </div>
  </WithStyles>
</WithStyles>
`;
