// Jest Snapshot v1, https://goo.gl/fbAQLP

exports[`collapsibleSection component should match snapshot 1`] = `
<WithStyles(ExpansionPanel)>
  <WithStyles(ExpansionPanelSummary)
    expandIcon={<pure(ExpandMore) />}
  >
    <WithStyles(Typography)>
      foo
    </WithStyles(Typography)>
  </WithStyles(ExpansionPanelSummary)>
  <WithStyles(ExpansionPanelDetails)>
    <div>
      <p>
        Some copomnent body
      </p>
    </div>
  </WithStyles(ExpansionPanelDetails)>
</WithStyles(ExpansionPanel)>
`;
