// Jest Snapshot v1, https://goo.gl/fbAQLP

exports[`Option editor item component should render correctly 1`] = `
<DNDContext>
  <OptionEditorItem
    option={
      Object {
        "optionId": 1,
        "title": "foo",
      }
    }
    questionId={1}
    questionType="CloseQuestion"
  />
</DNDContext>
`;
