// Jest Snapshot v1, https://goo.gl/fbAQLP

exports[`FilterableQuestionsList component should render correctly with questions 1`] = `
<List
  classes={
    Object {
      "dense": "jss3",
      "padding": "jss2",
      "root": "jss1",
      "subheader": "jss4",
    }
  }
  component="ul"
  dense={false}
  disablePadding={false}
  style={
    Object {
      "margin": 5,
    }
  }
>
  <WithStyles>
    <WithStyles>
      <ShouldUpdate />
    </WithStyles>
    <WithStyles />
  </WithStyles>
  <WithStyles />
  <WithStyles
    button={true}
    dense={true}
    key="1"
    onClick={[Function]}
  >
    <WithStyles
      checked={false}
    />
    <WithStyles
      primary="foo"
    />
  </WithStyles>
</List>
`;
